[0.022s][info][gc] Using The Z Garbage Collector
[0.273s][info][gc] GC(0) Garbage Collection (Warmup) 2M(11%)->4M(22%)
[0.440s][info][gc] GC(1) Garbage Collection (Warmup) 4M(22%)->4M(22%)
[0.522s][info][gc] GC(2) Garbage Collection (Warmup) 6M(33%)->6M(33%)
[0.669s][info][gc] GC(3) Garbage Collection (Allocation Rate) 8M(44%)->6M(33%)
[6.472s][info][gc] GC(4) Garbage Collection (Allocation Rate) 12M(67%)->8M(44%)
[6.584s][info][gc] Allocation Stall (Attach Listener) 10.964ms
[6.584s][info][gc] GC(5) Garbage Collection (Allocation Rate) 18M(100%)->10M(56%)
[6.689s][info][gc] GC(6) Garbage Collection (Allocation Stall) 10M(56%)->10M(56%)
[6.768s][info][gc] GC(7) Garbage Collection (Allocation Rate) 14M(78%)->10M(56%)
[6.882s][info][gc] GC(8) Garbage Collection (Allocation Rate) 14M(78%)->10M(56%)
[6.975s][info][gc] GC(9) Garbage Collection (Allocation Rate) 12M(67%)->10M(56%)
[7.084s][info][gc] GC(10) Garbage Collection (Allocation Rate) 10M(56%)->10M(56%)
[7.194s][info][gc] GC(11) Garbage Collection (Allocation Rate) 10M(56%)->10M(56%)
[7.300s][info][gc] GC(12) Garbage Collection (Allocation Rate) 10M(56%)->10M(56%)
[7.387s][info][gc] GC(13) Garbage Collection (Allocation Rate) 10M(56%)->10M(56%)
[7.496s][info][gc] GC(14) Garbage Collection (Allocation Rate) 10M(56%)->10M(56%)
[7.582s][info][gc] GC(15) Garbage Collection (Allocation Rate) 10M(56%)->10M(56%)
[7.679s][info][gc] GC(16) Garbage Collection (Allocation Rate) 10M(56%)->8M(44%)
[7.775s][info][gc] GC(17) Garbage Collection (Allocation Rate) 10M(56%)->8M(44%)
[7.902s][info][gc] GC(18) Garbage Collection (Allocation Rate) 10M(56%)->10M(56%)
[7.975s][info][gc] GC(19) Garbage Collection (Allocation Rate) 10M(56%)->8M(44%)
[8.093s][info][gc] GC(20) Garbage Collection (Allocation Rate) 10M(56%)->10M(56%)
[8.177s][info][gc] GC(21) Garbage Collection (Allocation Rate) 10M(56%)->8M(44%)
[8.281s][info][gc] GC(22) Garbage Collection (Allocation Rate) 10M(56%)->10M(56%)
[8.378s][info][gc] GC(23) Garbage Collection (Allocation Rate) 10M(56%)->8M(44%)
[9.873s][info][gc] GC(24) Garbage Collection (Proactive) 10M(56%)->10M(56%)
[14.130s][info][gc] Allocation Stall (main) 12.203ms
[14.130s][info][gc] Allocation Stall (JFR Periodic Tasks) 8.479ms
[14.131s][info][gc] GC(25) Garbage Collection (Allocation Stall) 18M(100%)->12M(67%)
[14.148s][info][gc] Allocation Stall (main) 10.893ms
[14.148s][info][gc] GC(26) Garbage Collection (Allocation Stall) 18M(100%)->14M(78%)
[14.164s][info][gc] Allocation Stall (JFR Periodic Tasks) 10.028ms
[14.164s][info][gc] Allocation Stall (main) 10.448ms
[14.165s][info][gc] GC(27) Garbage Collection (Allocation Stall) 18M(100%)->14M(78%)
[14.180s][info][gc] Allocation Stall (main) 10.783ms
[14.181s][info][gc] GC(28) Garbage Collection (Allocation Rate) 18M(100%)->14M(78%)
[14.196s][info][gc] Allocation Stall (main) 10.581ms
[14.197s][info][gc] Relocation Stall (main) 0.079ms
[14.197s][info][gc] GC(29) Garbage Collection (Allocation Stall) 18M(100%)->16M(89%)
[14.211s][info][gc] Allocation Stall (main) 11.596ms
[14.211s][info][gc] Allocation Stall (JFR Periodic Tasks) 11.012ms
[14.212s][info][gc] GC(30) Garbage Collection (Allocation Stall) 18M(100%)->12M(67%)
[14.276s][info][gc] GC(31) Garbage Collection (Allocation Stall) 12M(67%)->12M(67%)
[14.370s][info][gc] GC(32) Garbage Collection (Allocation Rate) 12M(67%)->12M(67%)
[14.481s][info][gc] GC(33) Garbage Collection (Allocation Rate) 12M(67%)->12M(67%)
[14.576s][info][gc] GC(34) Garbage Collection (Allocation Rate) 12M(67%)->12M(67%)
[14.671s][info][gc] GC(35) Garbage Collection (Allocation Rate) 12M(67%)->12M(67%)
[14.783s][info][gc] GC(36) Garbage Collection (Allocation Rate) 12M(67%)->12M(67%)
[14.880s][info][gc] GC(37) Garbage Collection (Allocation Rate) 12M(67%)->12M(67%)
[14.974s][info][gc] GC(38) Garbage Collection (Allocation Rate) 12M(67%)->12M(67%)
[15.068s][info][gc] GC(39) Garbage Collection (Allocation Rate) 12M(67%)->12M(67%)
[15.180s][info][gc] GC(40) Garbage Collection (Allocation Rate) 14M(78%)->12M(67%)
[15.276s][info][gc] GC(41) Garbage Collection (Allocation Rate) 14M(78%)->12M(67%)
[15.368s][info][gc] GC(42) Garbage Collection (Allocation Rate) 14M(78%)->12M(67%)
[15.476s][info][gc] GC(43) Garbage Collection (Allocation Rate) 14M(78%)->12M(67%)
[15.572s][info][gc] GC(44) Garbage Collection (Allocation Rate) 14M(78%)->12M(67%)
[15.668s][info][gc] GC(45) Garbage Collection (Allocation Rate) 14M(78%)->12M(67%)
[15.779s][info][gc] GC(46) Garbage Collection (Allocation Rate) 14M(78%)->14M(78%)
[15.871s][info][gc] GC(47) Garbage Collection (Allocation Rate) 14M(78%)->12M(67%)
[15.982s][info][gc] GC(48) Garbage Collection (Allocation Rate) 14M(78%)->14M(78%)
[16.077s][info][gc] GC(49) Garbage Collection (Allocation Rate) 14M(78%)->12M(67%)
[16.171s][info][gc] GC(50) Garbage Collection (Allocation Rate) 14M(78%)->12M(67%)
[16.280s][info][gc] GC(51) Garbage Collection (Allocation Rate) 14M(78%)->12M(67%)
[16.376s][info][gc] GC(52) Garbage Collection (Allocation Rate) 14M(78%)->12M(67%)
[16.473s][info][gc] GC(53) Garbage Collection (Allocation Rate) 14M(78%)->12M(67%)
[16.579s][info][gc] GC(54) Garbage Collection (Allocation Rate) 14M(78%)->12M(67%)
[16.671s][info][gc] GC(55) Garbage Collection (Allocation Rate) 14M(78%)->12M(67%)
[16.766s][info][gc] GC(56) Garbage Collection (Allocation Rate) 14M(78%)->12M(67%)
[16.878s][info][gc] GC(57) Garbage Collection (Allocation Rate) 14M(78%)->12M(67%)
[16.970s][info][gc] GC(58) Garbage Collection (Allocation Rate) 14M(78%)->14M(78%)
[17.081s][info][gc] GC(59) Garbage Collection (Allocation Rate) 14M(78%)->14M(78%)
[17.176s][info][gc] GC(60) Garbage Collection (Allocation Rate) 14M(78%)->14M(78%)
[17.272s][info][gc] GC(61) Garbage Collection (Allocation Rate) 14M(78%)->14M(78%)
[17.367s][info][gc] GC(62) Garbage Collection (Allocation Rate) 14M(78%)->14M(78%)
[17.478s][info][gc] GC(63) Garbage Collection (Allocation Rate) 14M(78%)->14M(78%)
[17.574s][info][gc] GC(64) Garbage Collection (Allocation Rate) 14M(78%)->14M(78%)
[17.669s][info][gc] GC(65) Garbage Collection (Allocation Rate) 14M(78%)->14M(78%)
[17.781s][info][gc] GC(66) Garbage Collection (Allocation Rate) 14M(78%)->14M(78%)
[17.876s][info][gc] GC(67) Garbage Collection (Allocation Rate) 14M(78%)->14M(78%)
[17.972s][info][gc] GC(68) Garbage Collection (Allocation Rate) 14M(78%)->14M(78%)
[18.067s][info][gc] GC(69) Garbage Collection (Allocation Rate) 14M(78%)->14M(78%)
[18.178s][info][gc] GC(70) Garbage Collection (Allocation Rate) 14M(78%)->14M(78%)
[18.274s][info][gc] GC(71) Garbage Collection (Allocation Rate) 14M(78%)->14M(78%)
[18.369s][info][gc] GC(72) Garbage Collection (Allocation Rate) 14M(78%)->14M(78%)
[18.480s][info][gc] GC(73) Garbage Collection (Allocation Rate) 14M(78%)->14M(78%)
[18.575s][info][gc] GC(74) Garbage Collection (Allocation Rate) 14M(78%)->14M(78%)
[18.670s][info][gc] GC(75) Garbage Collection (Allocation Rate) 14M(78%)->14M(78%)
[18.781s][info][gc] GC(76) Garbage Collection (Allocation Rate) 14M(78%)->14M(78%)
[18.877s][info][gc] GC(77) Garbage Collection (Allocation Rate) 14M(78%)->14M(78%)
[18.971s][info][gc] GC(78) Garbage Collection (Allocation Rate) 14M(78%)->14M(78%)
[19.083s][info][gc] GC(79) Garbage Collection (Allocation Rate) 14M(78%)->12M(67%)
[19.369s][info][gc] GC(80) Garbage Collection (Allocation Rate) 14M(78%)->12M(67%)
[19.973s][info][gc] GC(81) Garbage Collection (Allocation Rate) 12M(67%)->12M(67%)
[20.079s][info][gc] GC(82) Garbage Collection (Allocation Rate) 12M(67%)->12M(67%)
[29.970s][info][gc] GC(83) Garbage Collection (Proactive) 14M(78%)->12M(67%)
[39.974s][info][gc] GC(84) Garbage Collection (Proactive) 14M(78%)->12M(67%)
[51.975s][info][gc] GC(85) Garbage Collection (Proactive) 14M(78%)->12M(67%)
[63.969s][info][gc] GC(86) Garbage Collection (Proactive) 14M(78%)->12M(67%)
[76.070s][info][gc] GC(87) Garbage Collection (Proactive) 14M(78%)->12M(67%)
[88.078s][info][gc] GC(88) Garbage Collection (Proactive) 14M(78%)->12M(67%)
[97.982s][info][gc] GC(89) Garbage Collection (Proactive) 14M(78%)->12M(67%)
[110.080s][info][gc] GC(90) Garbage Collection (Proactive) 14M(78%)->12M(67%)
